MPASM 03.70 Released                              DISPLAY.ASM   5-1-2006  12:03:36         PAGE  1


LOC  OBJECT CODE     LINE SOURCE TEXT
  VALUE

                      00001 ; podprogramy pro vyuziti displaye
                      00002 ;       zobrazoje obsah registru 23,24,25,26 na LED zobrazovacich
                      00003 ;       dale vyuziva registry(nutne deklarovat): pordisp,FSR,PORTB,INDF,STATUS
                      00004 
0000   3023           00005 displej:                movlw   23h                             ; nacte adresu disp1
Error[113]  : Symbol not previously defined (pordisp)
0001   0700           00006                                 addwf   pordisp,0               ; 23h + portdisp ulozi do stradace
Error[113]  : Symbol not previously defined (FSR)
0002   0080           00007                                 movwf   FSR                             ; nastaveni neprime adresy
0003   3017           00008                                 movlw   B'00010111'
Error[113]  : Symbol not previously defined (PORTB)
0004   0080           00009                                 movwf   PORTB                   ; zhasnuti anod                 
Error[113]  : Symbol not previously defined (INDF)
0005   0800           00010                                 movf    INDF,0                  ; nacteni hodnoty - neprime adresovani
                      00011 
0006   2011           00012                                 call    segment                 ; dekodovani binarniho cisla na sedmiseg
                            mentovy kod
Error[113]  : Symbol not previously defined (PORTD)
0007   0080           00013                                 movwf   PORTD
                      00014 
Error[113]  : Symbol not previously defined (pordisp)
0008   0800           00015                                 movf    pordisp,0               
0009   2022           00016                                 call    anoda                   ; aktivuje prislusnou anodu
                      00017 
Error[113]  : Symbol not previously defined (PORTB)
000A   0080           00018                                 movwf   PORTB
Error[113]  : Symbol not previously defined (pordisp)
000B   0A80           00019                                 incf    pordisp,1               ; zvysi obsah pordisp o 1
000C   3004           00020                                 movlw   4
Error[113]  : Symbol not previously defined (pordisp)
000D   0200           00021                                 subwf   pordisp,0               ; kontroluje zda byly zobrazeny vsechny 
                            ctyri znaky
Error[113]  : Symbol not previously defined (STATUS)
000E   1900           00022                                 btfsc   STATUS,2
Error[113]  : Symbol not previously defined (pordisp)
000F   0180           00023                                 clrf    pordisp                 ; pokud ano vynuluje pocitadlo
0010   0008           00024                                 return
                      00025 ;       ................................................................................................
                            ..
                      00026 ;       podprogram segment
Error[113]  : Symbol not previously defined (PCL)
0011   0780           00027 segment:                addwf   PCL,1
0012   34C0           00028                                 RETLW   B'11000000'             ;0
0013   34F9           00029                                 RETLW   B'11111001'             ;1
0014   34A4           00030                                 RETLW   B'10100100'             ;2
0015   34B0           00031                                 RETLW   B'10110000'             ;3
0016   3499           00032                                 RETLW   B'10011001'             ;4
0017   3492           00033                                 RETLW   B'10010010'             ;5
0018   3482           00034                                 RETLW   B'10000010'             ;6
0019   34F8           00035                                 RETLW   B'11111000'             ;7
001A   3480           00036                                 RETLW   B'10000000'             ;8
001B   3490           00037                                 RETLW   B'10010000'             ;9
001C   3488           00038                                 RETLW   B'10001000'             ;A
MPASM 03.70 Released                              DISPLAY.ASM   5-1-2006  12:03:36         PAGE  2


LOC  OBJECT CODE     LINE SOURCE TEXT
  VALUE

001D   3483           00039                                 RETLW   B'10000011'             ;B
001E   34C6           00040                                 RETLW   B'11000110'             ;C
001F   34A1           00041                                 RETLW   B'10100001'             ;D
0020   3486           00042                                 RETLW   B'10000110'             ;E
0021   348E           00043                                 RETLW   B'10001110'             ;F
                      00044 ;       ................................................................................................
                            ..
                      00045 ;       podprogram anoda
Error[113]  : Symbol not previously defined (PCL)
0022   0780           00046 anoda:                  addwf   PCL,1
0023   3416           00047                                 retlw   B'00010110'             ;1 znak displeje
0024   3413           00048                                 retlw   B'00010011'             ;3 znak displeje
0025   3415           00049                                 retlw   B'00010101'             ;2 znak displeje
0026   3407           00050                                 retlw   B'00000111'             ;4 znak displeje
                      00051 ;       ................................................................................................
                            ..
Error[116]  : Address label duplicated or different in second pass (anoda)
Error[113]  : Symbol not previously defined (PCL)
0027   0780           00052 anoda:                  addwf   PCL,1
0028   341E           00053                                 retlw   B'00011110'             ;1 znak displeje
0029   341B           00054                                 retlw   B'00011011'             ;3 znak displeje
002A   341D           00055                                 retlw   B'00011101'             ;2 znak displeje
002B   340F           00056                                 retlw   B'00001111'             ;4 znak displeje
Error[129]  : Expected (END)
MPASM 03.70 Released                              DISPLAY.ASM   5-1-2006  12:03:36         PAGE  3


SYMBOL TABLE
  LABEL                             VALUE 

__16F877A                         00000001
anoda                             00000022
displej                           00000000
segment                           00000011


MEMORY USAGE MAP ('X' = Used,  '-' = Unused)

0000 : XXXXXXXXXXXXXXXX XXXXXXXXXXXXXXXX XXXXXXXXXXXX---- ----------------

All other memory blocks unused.

Program Memory Words Used:    44
Program Memory Words Free:  8148


Errors   :    16
Warnings :     0 reported,     0 suppressed
Messages :     0 reported,     0 suppressed

