MPASM 03.70 Released                              LEKCE18.ASM   3-18-2006  13:39:21         PAGE  1


LOC  OBJECT CODE     LINE SOURCE TEXT
  VALUE

                      00001 ;*****************************************************************************************************
                      00002 ;  Priklad 18 - hodiny
                      00003 ;*****************************************************************************************************
                      00004 ;       ................................................................................................
                            ..
                      00005 ;       Definice symbolu
                      00006 ;       ................................................................................................
                            ..
                      00007                                 list            p=16F877A                               ; deklarece proc
                            esoru
                      00008                                 include         "c:\p16f877a.inc"               ; deklarece registru
                      00001         LIST
                      00002 ; P16F877A.INC  Standard Header File, Version 1.00    Microchip Technology, Inc.
                      00398         LIST
2007   3F31           00009                                 __config        3F31h                                   ; konfiguracni p
                            ojistky
                      00010 ;       ................................................................................................
                            ..
Warning[207]: Found label after column 1. (vteriny)
  00000030            00011                                 vteriny         equ             30h
Warning[207]: Found label after column 1. (disp1)
  00000023            00012                                 disp1           equ             23h
Warning[207]: Found label after column 1. (disp2)
  00000024            00013                                 disp2           equ             24h
Warning[207]: Found label after column 1. (disp3)
  00000025            00014                                 disp3           equ             25h
Warning[207]: Found label after column 1. (disp4)
  00000026            00015                                 disp4           equ             26h
Warning[207]: Found label after column 1. (pordisp)
  00000027            00016                                 pordisp         equ             27h
Warning[207]: Found label after column 1. (sec)
  00000028            00017                                 sec                     equ             28h
                      00018 
Warning[207]: Found label after column 1. (reg1)
  0000002A            00019                                 reg1            equ             2ah
Warning[207]: Found label after column 1. (reg2)
  0000002B            00020                                 reg2            equ             2bh
Warning[207]: Found label after column 1. (pre1)
  0000002C            00021                                 pre1            equ             2ch
Warning[207]: Found label after column 1. (pre2)
  0000002D            00022                                 pre2            equ             2dh
Warning[207]: Found label after column 1. (wreg)
  0000002E            00023                                 wreg            equ             2eh                     
                      00024 ;       ................................................................................................
                            ..
                      00025                                 #define         rp0             STATUS,5                ; volba stranky 
                            pameti dat
                      00026                                 #define         c               STATUS,0                ; carry
                      00027                                 #define         z               STATUS,2                ; zero
                      00028                                 #define         toif    INTCON,2                ; indikace preteceni TMR
                            0
                      00029                                 #define     toie        INTCON,5
                      00030                                 #define         gie             INTCON,7
MPASM 03.70 Released                              LEKCE18.ASM   3-18-2006  13:39:21         PAGE  2


LOC  OBJECT CODE     LINE SOURCE TEXT
  VALUE

0000                  00031                                 org             0000h
0000   281C           00032                                 goto    start
                      00033 ;       ........................................................................
                      00034 ;       preruseni
0004                  00035                                 org     0004h   
0004   110B           00036                                 bcf             toif                    ; vynulovani bitu toif
0005   00AE           00037                                 movwf   wreg
0006   3001           00038                                 movlw   01h
0007   0081           00039                                 movwf   TMR0
                      00040 
0008   2030           00041                                 call    displej
                      00042 
0009   0AA8           00043                                 incf    sec,F                   ; pricte 1 k registrucitace sekund
000A   30C8           00044                                 movlw   0c8h
000B   0228           00045                                 subwf   sec,w                   ; odecte od sec 200 a ulozi do W
000C   1D03           00046                                 btfss   z                               ; je-li z=1, registr sec neprete
                            kl
000D   281B           00047                                 goto    pkonec
                      00048 
                      00049                                 
000E   3008           00050                                 movlw   d'8'
000F   00AD           00051                                 movwf   pre2
Warning[203]: Found opcode in column 1. (nop)
0010   0000           00052 nop
Warning[203]: Found opcode in column 1. (nop)
0011   0000           00053 nop
0012   30E9           00054 pr1:                    movlw   d'233'
0013   00AC           00055                                 movwf   pre1
Warning[203]: Found opcode in column 1. (nop)
0014   0000           00056 nop
Message[305]: Using default destination of 1 (file).
0015   0BAC           00057 pr0:                    decfsz  pre1
0016   2815           00058                                 goto    pr0
Message[305]: Using default destination of 1 (file).
0017   0BAD           00059                                 decfsz  pre2
0018   2812           00060                                 goto    pr1
                      00061 
0019   2057           00062                                 call    couter
                      00063 
Message[305]: Using default destination of 1 (file).
001A   08AE           00064                                 movf    wreg
001B   0009           00065 pkonec:                 retfie  
                      00066 ;       ................................................................................................
                            ..
                      00067 ;       Inicializace portu
                      00068 ;       ................................................................................................
                            ..
                      00069 
Warning[207]: Found label after column 1. (start)
001C   1683           00070   start:        bsf     rp0                             ; nastaveni BANKY1 - STATUS(RP0)
                      00071                         
001D   3000           00072                                 movlw   B'00000000'
Message[302]: Register in operand not in bank 0.  Ensure that bank bits are correct.
MPASM 03.70 Released                              LEKCE18.ASM   3-18-2006  13:39:21         PAGE  3


LOC  OBJECT CODE     LINE SOURCE TEXT
  VALUE

001E   0088           00073                                 movwf   TRISD                   ; portD je vystup
001F   30E8           00074                                 movlw   b'11101000'             ; nastaveni anod displeje B0,B1,B2,B3 ja
                            ko vystupu
Message[302]: Register in operand not in bank 0.  Ensure that bank bits are correct.
0020   0086           00075                                 movwf   TRISB           
0021   30D3           00076                                 movlw   B'11010011'
Message[302]: Register in operand not in bank 0.  Ensure that bank bits are correct.
0022   0081           00077                                 movwf   OPTION_REG              ; konfigurace TMR0 a preddelicky
0023   168B           00078                                 bsf     toie                    ; povoleni preruseni od TMR0
0024   178B           00079                                 bsf             gie                             ; povoleni globalniho pr
                            eruseni
                      00080 
0025   1283           00081                                 bcf     rp0                             ; nastaveni BANKY0 - STATUS(RP0)
0026   30FF           00082                                 movlw   0ffh
0027   0088           00083                                 movwf   PORTD                   ; zhasne vsechny segmenty
                      00084 
0028   01A3           00085                                 clrf    disp1                   ; vynuluje registr disp1
0029   01A4           00086                                 clrf    disp2                   ; vynuluje registr disp2
002A   01A5           00087                                 clrf    disp3                   ; vynuluje registr disp3
002B   01A6           00088                                 clrf    disp4                   ; vynuluje registr disp4
002C   01A7           00089                                 clrf    pordisp                 ; vynulovani poradi displeje
002D   01A8           00090                                 clrf    sec                             ; vynulovani citace sekund
002E   01B0           00091                                 clrf    vteriny                 ; vynuluje registr vteriny
                      00092 ;       ................................................................................................
                            ..
                      00093 
002F   282F           00094 adr0:                   goto    adr0                    ; skoci na zacatek smycky
                      00095 
                      00096 ;       ................................................................................................
                            ..
                      00097 
0030   3023           00098 displej:                movlw   23h                             ; nacte adresu disp1
0031   0727           00099                                 addwf   pordisp,0               ; 23h + portdisp ulozi do stradace
0032   0084           00100                                 movwf   FSR                             ; nastaveni neprime adresy
0033   3017           00101                                 movlw   B'00010111'
0034   0086           00102                                 movwf   PORTB                   ; zhasnuti anod                 
0035   0800           00103                                 movf    INDF,0                  ; nacteni hodnoty - neprime adresovani
                      00104 
0036   2041           00105                                 call    segment                 ; dekodovani binarniho cisla na sedmiseg
                            mentovy kod
0037   0088           00106                                 movwf   PORTD
                      00107 
0038   0827           00108                                 movf    pordisp,0               
0039   2052           00109                                 call    anoda                   ; aktivuje prislusnou anodu
                      00110 
003A   0086           00111                                 movwf   PORTB
003B   0AA7           00112                                 incf    pordisp,1               ; zvysi obsah pordisp o 1
003C   3004           00113                                 movlw   4
003D   0227           00114                                 subwf   pordisp,0               ; kontroluje zda byly zobrazeny vsechny 
                            ctyri znaky
003E   1903           00115                                 btfsc   STATUS,2
003F   01A7           00116                                 clrf    pordisp                 ; pokud ano vynuluje pocitadlo
0040   0008           00117                                 return
MPASM 03.70 Released                              LEKCE18.ASM   3-18-2006  13:39:21         PAGE  4


LOC  OBJECT CODE     LINE SOURCE TEXT
  VALUE

                      00118 ;       ................................................................................................
                            ..
                      00119 ;       podprogram segment
0041   0782           00120 segment:                addwf   PCL,1
0042   34C0           00121                                 RETLW   B'11000000'             ;0
0043   34F9           00122                                 RETLW   B'11111001'             ;1
0044   34A4           00123                                 RETLW   B'10100100'             ;2
0045   34B0           00124                                 RETLW   B'10110000'             ;3
0046   3499           00125                                 RETLW   B'10011001'             ;4
0047   3492           00126                                 RETLW   B'10010010'             ;5
0048   3482           00127                                 RETLW   B'10000010'             ;6
0049   34F8           00128                                 RETLW   B'11111000'             ;7
004A   3480           00129                                 RETLW   B'10000000'             ;8
004B   3490           00130                                 RETLW   B'10010000'             ;9
004C   3488           00131                                 RETLW   B'10001000'             ;A
004D   3483           00132                                 RETLW   B'10000011'             ;B
004E   34C6           00133                                 RETLW   B'11000110'             ;C
004F   34A1           00134                                 RETLW   B'10100001'             ;D
0050   3486           00135                                 RETLW   B'10000110'             ;E
0051   348E           00136                                 RETLW   B'10001110'             ;F
                      00137 ;       ................................................................................................
                            ..
                      00138 ;       podprogram anoda
0052   0782           00139 anoda:                  addwf   PCL,1
0053   3416           00140                                 retlw   B'00010110'             ;1 znak displeje
0054   3415           00141                                 retlw   B'00010101'             ;2 znak displeje
0055   3413           00142                                 retlw   B'00010011'             ;3 znak displeje
0056   3407           00143                                 retlw   B'00000111'             ;4 znak displeje
                      00144 ;       ................................................................................................
                            ..
                      00145 ;       podprogram couter
0057   01A8           00146 couter:                 clrf    sec                             ; vynuluje reg sec
0058   0AB0           00147                                 incf    vteriny,F               ; pricte 1 k registru disp_0 - SUKUNDY
0059   303C           00148                                 movlw   3ch
005A   0230           00149                                 subwf   vteriny,W               ; odecte od vterin sedesat a ulozi do W
005B   1C03           00150                                 btfss   c                               ; je-li z=1, disp_0 pretekl pres
                             9
005C   287E           00151                                 goto    adr3
                      00152 
005D   01B0           00153                                 clrf    vteriny
005E   0AA3           00154                                 incf    disp1,F                 ; pricte 1 k registru disp1 - MINUTY
005F   300A           00155                                 movlw   0ah
0060   0223           00156                                 subwf   disp1,W                 ; odecte od disp1 desitku a ulozi do W
0061   1D03           00157                                 btfss   z                               ; je-li c=1, disp1 pretekl pres 
                            9
0062   287E           00158                                 goto    adr3
                      00159 
0063   01A3           00160                                 clrf    disp1
0064   0AA4           00161                                 incf    disp2,F                 ; pricte 1 k registru disp2 - DESITKY MI
                            NUT
0065   3006           00162                                 movlw   6h
0066   0224           00163                                 subwf   disp2,W                 ; odecte od disp2 desitku a ulozi do W
0067   1D03           00164                                 btfss   z                               ; je-li c=1, disp2 pretekl pres 
MPASM 03.70 Released                              LEKCE18.ASM   3-18-2006  13:39:21         PAGE  5


LOC  OBJECT CODE     LINE SOURCE TEXT
  VALUE

                            5
0068   287E           00165                                 goto    adr3
                      00166 
0069   01A4           00167                                 clrf    disp2
006A   0AA5           00168                                 incf    disp3,f                 ; pricte 1 k registru disp3 - HODINY
006B   3004           00169                                 movlw   4h                              
006C   0225           00170                                 subwf   disp3,w
006D   1D03           00171                                 btfss   z                               ; je disp3 vetsi nez 3?
006E   2873           00172                                 goto    adr4                    ; ne
                      00173 
006F   3002           00174                                 movlw   2h                              ; ano
0070   0226           00175                                 subwf   disp4,w                 ; pokud ano tak je disp4 vetsi nez 1?
0071   1903           00176                                 btfsc   z                               ; 
0072   2877           00177                                 goto    adr5                    ; ano 
                      00178 
0073   300A           00179 adr4                    movlw   0ah                             ; ne
0074   0225           00180                                 subwf   disp3,w                 ; odecte od disp3 desitku a ulozi do W
0075   1D03           00181                                 btfss   z                               ; je-li c=1, disp3 pretekl pres 
                            9
0076   287E           00182                                 goto    adr3
                      00183 
0077   01A5           00184 adr5:                   clrf    disp3
0078   0AA6           00185                                 incf    disp4,f                 ; pricte 1 k registru disp4 - DESITKY MI
                            NUT
0079   3003           00186                                 movlw   3h
007A   0226           00187                                 subwf   disp4,w                 ; odecte od disp4 desitku a ulozi do W
007B   1D03           00188                                 btfss   z                               ; je-li c=1, disp4 pretekl pres 
                            9
007C   287E           00189                                 goto    adr3
007D   01A6           00190                                 clrf    disp4
007E   0008           00191 adr3:                   return
                      00192 
                      00193 
                      00194                                 end
MPASM 03.70 Released                              LEKCE18.ASM   3-18-2006  13:39:21         PAGE  6


SYMBOL TABLE
  LABEL                             VALUE 

ACKDT                             00000005
ACKEN                             00000004
ACKSTAT                           00000006
ADCON0                            0000001F
ADCON1                            0000009F
ADCS0                             00000006
ADCS1                             00000007
ADDEN                             00000003
ADFM                              00000007
ADIE                              00000006
ADIF                              00000006
ADON                              00000000
ADRESH                            0000001E
ADRESL                            0000009E
BCLIE                             00000003
BCLIF                             00000003
BF                                00000000
BRGH                              00000002
C                                 00000000
C1INV                             00000004
C1OUT                             00000006
C2INV                             00000005
C2OUT                             00000007
CCP1CON                           00000017
CCP1IE                            00000002
CCP1IF                            00000002
CCP1M0                            00000000
CCP1M1                            00000001
CCP1M2                            00000002
CCP1M3                            00000003
CCP1X                             00000005
CCP1Y                             00000004
CCP2CON                           0000001D
CCP2IE                            00000000
CCP2IF                            00000000
CCP2M0                            00000000
CCP2M1                            00000001
CCP2M2                            00000002
CCP2M3                            00000003
CCP2X                             00000005
CCP2Y                             00000004
CCPR1H                            00000016
CCPR1L                            00000015
CCPR2H                            0000001C
CCPR2L                            0000001B
CHS0                              00000003
CHS1                              00000004
CHS2                              00000005
CIS                               00000003
CKE                               00000006
CKP                               00000004
CM0                               00000000
CM1                               00000001
MPASM 03.70 Released                              LEKCE18.ASM   3-18-2006  13:39:21         PAGE  7


SYMBOL TABLE
  LABEL                             VALUE 

CM2                               00000002
CMCON                             0000009C
CMIE                              00000006
CMIF                              00000006
CREN                              00000004
CSRC                              00000007
CVR0                              00000000
CVR1                              00000001
CVR2                              00000002
CVR3                              00000003
CVRCON                            0000009D
CVREN                             00000007
CVROE                             00000006
CVRR                              00000005
D                                 00000005
DATA_ADDRESS                      00000005
DC                                00000001
D_A                               00000005
EEADR                             0000010D
EEADRH                            0000010F
EECON1                            0000018C
EECON2                            0000018D
EEDATA                            0000010C
EEDATH                            0000010E
EEIE                              00000004
EEIF                              00000004
EEPGD                             00000007
F                                 00000001
FERR                              00000002
FSR                               00000004
GCEN                              00000007
GIE                               00000007
GO                                00000002
GO_DONE                           00000002
I2C_DATA                          00000005
I2C_READ                          00000002
I2C_START                         00000003
I2C_STOP                          00000004
IBF                               00000007
IBOV                              00000005
INDF                              00000000
INTCON                            0000000B
INTE                              00000004
INTEDG                            00000006
INTF                              00000001
IRP                               00000007
NOT_A                             00000005
NOT_ADDRESS                       00000005
NOT_BO                            00000000
NOT_BOR                           00000000
NOT_DONE                          00000002
NOT_PD                            00000003
NOT_POR                           00000001
MPASM 03.70 Released                              LEKCE18.ASM   3-18-2006  13:39:21         PAGE  8


SYMBOL TABLE
  LABEL                             VALUE 

NOT_RBPU                          00000007
NOT_RC8                           00000006
NOT_T1SYNC                        00000002
NOT_TO                            00000004
NOT_TX8                           00000006
NOT_W                             00000002
NOT_WRITE                         00000002
OBF                               00000006
OERR                              00000001
OPTION_REG                        00000081
P                                 00000004
PCFG0                             00000000
PCFG1                             00000001
PCFG2                             00000002
PCFG3                             00000003
PCL                               00000002
PCLATH                            0000000A
PCON                              0000008E
PEIE                              00000006
PEN                               00000002
PIE1                              0000008C
PIE2                              0000008D
PIR1                              0000000C
PIR2                              0000000D
PORTA                             00000005
PORTB                             00000006
PORTC                             00000007
PORTD                             00000008
PORTE                             00000009
PR2                               00000092
PS0                               00000000
PS1                               00000001
PS2                               00000002
PSA                               00000003
PSPIE                             00000007
PSPIF                             00000007
PSPMODE                           00000004
R                                 00000002
RBIE                              00000003
RBIF                              00000000
RC8_9                             00000006
RC9                               00000006
RCD8                              00000000
RCEN                              00000003
RCIE                              00000005
RCIF                              00000005
RCREG                             0000001A
RCSTA                             00000018
RD                                00000000
READ_WRITE                        00000002
RP0                               00000005
RP1                               00000006
RSEN                              00000001
MPASM 03.70 Released                              LEKCE18.ASM   3-18-2006  13:39:21         PAGE  9


SYMBOL TABLE
  LABEL                             VALUE 

RX9                               00000006
RX9D                              00000000
R_W                               00000002
S                                 00000003
SEN                               00000000
SMP                               00000007
SPBRG                             00000099
SPEN                              00000007
SREN                              00000005
SSPADD                            00000093
SSPBUF                            00000013
SSPCON                            00000014
SSPCON2                           00000091
SSPEN                             00000005
SSPIE                             00000003
SSPIF                             00000003
SSPM0                             00000000
SSPM1                             00000001
SSPM2                             00000002
SSPM3                             00000003
SSPOV                             00000006
SSPSTAT                           00000094
STATUS                            00000003
SYNC                              00000004
T0CS                              00000005
T0IE                              00000005
T0IF                              00000002
T0SE                              00000004
T1CKPS0                           00000004
T1CKPS1                           00000005
T1CON                             00000010
T1INSYNC                          00000002
T1OSCEN                           00000003
T1SYNC                            00000002
T2CKPS0                           00000000
T2CKPS1                           00000001
T2CON                             00000012
TMR0                              00000001
TMR0IE                            00000005
TMR0IF                            00000002
TMR1CS                            00000001
TMR1H                             0000000F
TMR1IE                            00000000
TMR1IF                            00000000
TMR1L                             0000000E
TMR1ON                            00000000
TMR2                              00000011
TMR2IE                            00000001
TMR2IF                            00000001
TMR2ON                            00000002
TOUTPS0                           00000003
TOUTPS1                           00000004
TOUTPS2                           00000005
MPASM 03.70 Released                              LEKCE18.ASM   3-18-2006  13:39:21         PAGE 10


SYMBOL TABLE
  LABEL                             VALUE 

TOUTPS3                           00000006
TRISA                             00000085
TRISB                             00000086
TRISC                             00000087
TRISD                             00000088
TRISE                             00000089
TRISE0                            00000000
TRISE1                            00000001
TRISE2                            00000002
TRMT                              00000001
TX8_9                             00000006
TX9                               00000006
TX9D                              00000000
TXD8                              00000000
TXEN                              00000005
TXIE                              00000004
TXIF                              00000004
TXREG                             00000019
TXSTA                             00000098
UA                                00000001
W                                 00000000
WCOL                              00000007
WR                                00000001
WREN                              00000002
WRERR                             00000003
Z                                 00000002
_BODEN_OFF                        00003FBF
_BODEN_ON                         00003FFF
_CPD_OFF                          00003FFF
_CPD_ON                           00003EFF
_CP_ALL                           00001FFF
_CP_OFF                           00003FFF
_DEBUG_OFF                        00003FFF
_DEBUG_ON                         000037FF
_HS_OSC                           00003FFE
_LP_OSC                           00003FFC
_LVP_OFF                          00003F7F
_LVP_ON                           00003FFF
_PWRTE_OFF                        00003FFF
_PWRTE_ON                         00003FF7
_RC_OSC                           00003FFF
_WDT_OFF                          00003FFB
_WDT_ON                           00003FFF
_WRT_1FOURTH                      00003BFF
_WRT_256                          00003DFF
_WRT_HALF                         000039FF
_WRT_OFF                          00003FFF
_XT_OSC                           00003FFD
__16F877A                         00000001
adr0                              0000002F
adr3                              0000007E
adr4                              00000073
adr5                              00000077
MPASM 03.70 Released                              LEKCE18.ASM   3-18-2006  13:39:21         PAGE 11


SYMBOL TABLE
  LABEL                             VALUE 

anoda                             00000052
c                                 STATUS,0
couter                            00000057
disp1                             00000023
disp2                             00000024
disp3                             00000025
disp4                             00000026
displej                           00000030
gie                               INTCON,7
pkonec                            0000001B
pordisp                           00000027
pr0                               00000015
pr1                               00000012
pre1                              0000002C
pre2                              0000002D
reg1                              0000002A
reg2                              0000002B
rp0                               STATUS,5
sec                               00000028
segment                           00000041
start                             0000001C
toie                              INTCON,5
toif                              INTCON,2
vteriny                           00000030
wreg                              0000002E
z                                 STATUS,2


MEMORY USAGE MAP ('X' = Used,  '-' = Unused)

0000 : X---XXXXXXXXXXXX XXXXXXXXXXXXXXXX XXXXXXXXXXXXXXXX XXXXXXXXXXXXXXXX
0040 : XXXXXXXXXXXXXXXX XXXXXXXXXXXXXXXX XXXXXXXXXXXXXXXX XXXXXXXXXXXXXXX-
2000 : -------X-------- ---------------- ---------------- ----------------

All other memory blocks unused.

Program Memory Words Used:   124
Program Memory Words Free:  8068


Errors   :     0
Warnings :    16 reported,     0 suppressed
Messages :     6 reported,     0 suppressed

